 libCore.so  libRIO.so  libGpad.so  libTree.so  libTreePlayer.so  libHist.so  libNet.so  libROOTDataFrame.so  libROOTVecOps.so  libThread.so  libMatrix.so  libMathCore.so  libGraf.so  libWebGui6.so  libHistPainter.so  libRootAuth.so  libMultiProc.so
# Now the list of classes
CutKey
NSCache<MapPair>
NSCache<MapPair>::H
MapPair
QA
Pi0QA
Pi0QA::FitInfo
Pi0QA::FitPair
NSPair
CorrQA
EmcalQA
HcalQA
sEPDotherQA
NSDetectorQA<MBDTag>
NSDetectorQA<sEPDTag>
MBDTag
sEPDTag
EventQA
EventQA::VzPoint
JetQA
VnPlotQA
TriggerQA
